<html>
<body>
<pre>
<h1>µVision Build Log</h1>
<h2>Project:</h2>
E:\STM32L1xx_StdPeriph_Lib_V1.3.1\Project\STM32L1xx_StdPeriph_Templates\MDK-ARM\Project.uvproj
Project File Date:  05/28/2015

<h2>Output:</h2>
Build target 'STM32L1XX_MD(STM32L1xxxBxx)'
compiling main.c...
compiling stm32l1xx_it.c...
compiling stm32l152_eval.c...
compiling misc.c...
compiling stm32l1xx_adc.c...
compiling stm32l1xx_aes.c...
compiling stm32l1xx_comp.c...
compiling stm32l1xx_crc.c...
compiling stm32l1xx_dac.c...
compiling stm32l1xx_dbgmcu.c...
compiling stm32l1xx_dma.c...
compiling stm32l1xx_exti.c...
compiling stm32l1xx_flash.c...
compiling stm32l1xx_fsmc.c...
compiling stm32l1xx_gpio.c...
compiling stm32l1xx_i2c.c...
compiling stm32l1xx_iwdg.c...
compiling stm32l1xx_lcd.c...
compiling stm32l1xx_opamp.c...
compiling stm32l1xx_pwr.c...
compiling stm32l1xx_rcc.c...
compiling stm32l1xx_rtc.c...
compiling stm32l1xx_sdio.c...
compiling stm32l1xx_spi.c...
compiling stm32l1xx_syscfg.c...
compiling stm32l1xx_tim.c...
compiling stm32l1xx_usart.c...
compiling stm32l1xx_wwdg.c...
compiling stm32l1xx_aes_util.c...
compiling system_stm32l1xx.c...
linking...
Program Size: Code=1096 RO-data=260 RW-data=0 ZI-data=1024  
".\STM32L152-EVAL\STM32L152-EVAL.axf" - 0 Error(s), 0 Warning(s).
Load "E:\\STM32L1xx_StdPeriph_Lib_V1.3.1\\Project\\STM32L1xx_StdPeriph_Templates\\MDK-ARM\\STM32L152-EVAL\\STM32L152-EVAL.AXF" 
Load "E:\\STM32L1xx_StdPeriph_Lib_V1.3.1\\Project\\STM32L1xx_StdPeriph_Templates\\MDK-ARM\\STM32L152-EVAL\\STM32L152-EVAL.AXF" 
