<html>
<body>
<pre>
<h1>µVision Build Log</h1>
<h2>Tool Versions:</h2>
IDE-Version: ¦ÌVision V5.24.2.0
Copyright (C) 2017 ARM Ltd and ARM Germany GmbH. All rights reserved.
License Information: cherish Li, www.ustb.edu.cn, LIC=----
 
Tool Versions:
Toolchain:       MDK-Lite  Version: 5.24.1
Toolchain Path:  D:\programme file\keil_v5\ARM\ARMCC\Bin
C Compiler:      Armcc.exe V5.06 update 5 (build 528)
Assembler:       Armasm.exe V5.06 update 5 (build 528)
Linker/Locator:  ArmLink.exe V5.06 update 5 (build 528)
Library Manager: ArmAr.exe V5.06 update 5 (build 528)
Hex Converter:   FromElf.exe V5.06 update 5 (build 528)
CPU DLL:         SARMCM3.DLL V5.24.1
Dialog DLL:      DCM.DLL V1.16.0.0
Target DLL:      STLink\ST-LINKIII-KEIL_SWO.dll V3.0.1.0
Dialog DLL:      TCM.DLL V1.32.0.0
 
<h2>Project:</h2>
D:\weiji\Lab2_1_1_2\Lab1.uvprojx
Project File Date:  12/13/2018

<h2>Output:</h2>
*** Using Compiler 'V5.06 update 5 (build 528)', folder: 'D:\programme file\keil_v5\ARM\ARMCC\Bin'
Build target 'led'
compiling main.c...
linking...
Program Size: Code=1580 RO-data=308 RW-data=0 ZI-data=1632  
".\Objects\Lab1.axf" - 0 Error(s), 0 Warning(s).

<h2>Software Packages used:</h2>

Package Vendor: Keil
                http://www.keil.com/pack/Keil.STM32L1xx_DFP.1.2.0.pack
                Keil.STM32L1xx_DFP.1.2.0
                STMicroelectronics STM32L1 Series Device Support and Examples

<h2>Collection of Component include folders:</h2>
  .\RTE\_led
  D:\programme file\keil_v5\ARM\PACK\Keil\STM32L1xx_DFP\1.2.0\Device\Include

<h2>Collection of Component Files used:</h2>
Build Time Elapsed:  00:00:01
</pre>
</body>
</html>
